
   PASS  Tests\Unit\ExampleTest
  Γ£ô that true is true                                                                                            0.01s  

   PASS  Tests\Feature\AuthTest
  Γ£ô register berhasil                                                                                            0.58s  
  Γ£ô register gagal email duplikat                                                                                0.05s  
  Γ£ô register gagal tanpa name                                                                                    0.03s  
  Γ£ô register gagal password terlalu pendek                                                                       0.03s  
  Γ£ô login berhasil                                                                                               0.03s  
  Γ£ô login gagal password salah                                                                                   0.24s  
  Γ£ô login gagal email tidak ada                                                                                  0.26s  
  Γ£ô me berhasil dengan token                                                                                     0.06s  
  Γ£ô me gagal tanpa token                                                                                         0.05s  
  Γ£ô logout berhasil                                                                                              0.05s  
  Γ£ô refresh token berhasil                                                                                       0.05s  

   FAIL  Tests\Feature\DokterTest
  Γ£ô index dokter bisa diakses publik                                                                             0.08s  
  Γ£ô show dokter bisa diakses publik                                                                              0.06s  
  Γ£ô show dokter tidak ada return 404                                                                             0.05s  
  Γ£ô admin bisa tambah dokter                                                                                     0.06s  
  Γ£ô admin bisa edit dokter                                                                                       0.06s  
  Γ£ô admin bisa hapus dokter                                                                                      0.06s  
  Γ¿» pasien tidak bisa tambah dokter                                                                              0.08s  
  Γ£ô tambah dokter tanpa auth return 401                                                                          0.04s  
  Γ£ô tambah dokter validasi nama wajib                                                                            0.06s  

   PASS  Tests\Feature\ExampleTest
  Γ£ô the application returns a successful response                                                                0.10s  

   FAIL  Tests\Feature\RekamMedisTest
  Γ£ô admin bisa lihat semua rekam medis                                                                           0.08s  
  Γ¿» pasien tidak bisa akses rekam medis admin                                                                    0.06s  
  Γ£ô admin bisa buat rekam medis                                                                                  0.08s  
  Γ£ô rekam medis validasi diagnosis wajib                                                                         0.07s  
  Γ£ô tidak bisa buat rekam medis duplikat satu reservasi                                                          0.08s  
  Γ£ô admin bisa update rekam medis                                                                                0.07s  
  Γ£ô admin bisa hapus rekam medis                                                                                 0.07s  
  Γ¿» pasien tidak bisa hapus rekam medis                                                                          0.07s  

   PASS  Tests\Feature\ReservasiTest
  Γ£ô pasien bisa lihat reservasi sendiri                                                                          0.08s  
  Γ£ô pasien tidak bisa lihat reservasi orang lain                                                                 0.06s  
  Γ£ô pasien bisa buat reservasi valid                                                                             0.06s  
  Γ£ô buat reservasi gagal hari tidak sesuai                                                                       0.04s  
  Γ£ô buat reservasi gagal kuota penuh                                                                             0.03s  
  Γ£ô buat reservasi gagal keluhan terlalu pendek                                                                  0.03s  
  Γ£ô pasien bisa batalkan reservasi menunggu                                                                      0.14s  
  Γ£ô pasien tidak bisa batalkan reservasi selesai                                                                 0.03s  
  Γ£ô admin bisa lihat semua reservasi                                                                             0.04s  
  Γ£ô admin bisa update status reservasi                                                                           0.03s  
  Γ£ô reservasi tanpa auth return 401                                                                              0.02s  
  ΓöÇΓöÇΓöÇΓöÇΓöÇΓöÇΓöÇΓöÇΓöÇΓöÇΓöÇΓöÇΓöÇΓöÇΓöÇΓöÇΓöÇΓöÇΓöÇΓöÇΓöÇΓöÇΓöÇΓöÇΓöÇΓöÇΓöÇΓöÇΓöÇΓöÇΓöÇΓöÇΓöÇΓöÇΓöÇΓöÇΓöÇΓöÇΓöÇΓöÇΓöÇΓöÇΓöÇΓöÇΓöÇΓöÇΓöÇΓöÇΓöÇΓöÇΓöÇΓöÇΓöÇΓöÇΓöÇΓöÇΓöÇΓöÇΓöÇΓöÇΓöÇΓöÇΓöÇΓöÇΓöÇΓöÇΓöÇΓöÇΓöÇΓöÇΓöÇΓöÇΓöÇΓöÇΓöÇΓöÇΓöÇΓöÇΓöÇΓöÇΓöÇΓöÇΓöÇΓöÇΓöÇΓöÇΓöÇΓöÇΓöÇΓöÇΓöÇΓöÇΓöÇΓöÇΓöÇΓöÇΓöÇΓöÇΓöÇΓöÇΓöÇΓöÇΓöÇΓöÇΓöÇΓöÇΓöÇΓöÇΓöÇΓöÇΓöÇΓöÇΓöÇΓöÇΓöÇΓöÇ  
   FAILED  Tests\Feature\DokterTest > pasien tidak bisa tambah dokter                                                   
  Expected response status code [403] but received 401.
Failed asserting that 401 is identical to 403.

  at tests\Feature\DokterTest.php:132
    128Γûò             'nama'             => 'dr. Tidak Boleh',
    129Γûò             'spesialisasi'     => 'Umum',
    130Γûò             'no_str'           => 'STR-0000',
    131Γûò             'biaya_konsultasi' => 50000,
  Γ₧£ 132Γûò         ])->assertStatus(403);
    133Γûò     }
    134Γûò 
    135Γûò     public function test_tambah_dokter_tanpa_auth_return_401(): void
    136Γûò     {

  ΓöÇΓöÇΓöÇΓöÇΓöÇΓöÇΓöÇΓöÇΓöÇΓöÇΓöÇΓöÇΓöÇΓöÇΓöÇΓöÇΓöÇΓöÇΓöÇΓöÇΓöÇΓöÇΓöÇΓöÇΓöÇΓöÇΓöÇΓöÇΓöÇΓöÇΓöÇΓöÇΓöÇΓöÇΓöÇΓöÇΓöÇΓöÇΓöÇΓöÇΓöÇΓöÇΓöÇΓöÇΓöÇΓöÇΓöÇΓöÇΓöÇΓöÇΓöÇΓöÇΓöÇΓöÇΓöÇΓöÇΓöÇΓöÇΓöÇΓöÇΓöÇΓöÇΓöÇΓöÇΓöÇΓöÇΓöÇΓöÇΓöÇΓöÇΓöÇΓöÇΓöÇΓöÇΓöÇΓöÇΓöÇΓöÇΓöÇΓöÇΓöÇΓöÇΓöÇΓöÇΓöÇΓöÇΓöÇΓöÇΓöÇΓöÇΓöÇΓöÇΓöÇΓöÇΓöÇΓöÇΓöÇΓöÇΓöÇΓöÇΓöÇΓöÇΓöÇΓöÇΓöÇΓöÇΓöÇΓöÇΓöÇΓöÇΓöÇΓöÇΓöÇΓöÇΓöÇΓöÇ  
   FAILED  Tests\Feature\RekamMedisTest > pasien tidak bisa akses rekam medis admin                                     
  Expected response status code [403] but received 401.
Failed asserting that 401 is identical to 403.

  at tests\Feature\RekamMedisTest.php:108
    104Γûò     {
    105Γûò         $pasien = $this->pasienUser();
    106Γûò         $token  = auth('api')->login($pasien);
    107Γûò 
  Γ₧£ 108Γûò         $this->withToken($token)->getJson('/api/rekam-medis')->assertStatus(403);
    109Γûò     }
    110Γûò 
    111Γûò     // ΓöÇΓöÇ Store (admin only) ΓöÇΓöÇΓöÇΓöÇΓöÇΓöÇΓöÇΓöÇΓöÇΓöÇΓöÇΓöÇΓöÇΓöÇΓöÇΓöÇΓöÇΓöÇΓöÇΓöÇΓöÇΓöÇΓöÇΓöÇΓöÇΓöÇΓöÇΓöÇΓöÇΓöÇΓöÇΓöÇΓöÇΓöÇΓöÇΓöÇΓöÇΓöÇΓöÇΓöÇΓöÇΓöÇΓöÇΓöÇΓöÇΓöÇΓöÇΓöÇΓöÇΓöÇΓöÇΓöÇ
    112Γûò

  ΓöÇΓöÇΓöÇΓöÇΓöÇΓöÇΓöÇΓöÇΓöÇΓöÇΓöÇΓöÇΓöÇΓöÇΓöÇΓöÇΓöÇΓöÇΓöÇΓöÇΓöÇΓöÇΓöÇΓöÇΓöÇΓöÇΓöÇΓöÇΓöÇΓöÇΓöÇΓöÇΓöÇΓöÇΓöÇΓöÇΓöÇΓöÇΓöÇΓöÇΓöÇΓöÇΓöÇΓöÇΓöÇΓöÇΓöÇΓöÇΓöÇΓöÇΓöÇΓöÇΓöÇΓöÇΓöÇΓöÇΓöÇΓöÇΓöÇΓöÇΓöÇΓöÇΓöÇΓöÇΓöÇΓöÇΓöÇΓöÇΓöÇΓöÇΓöÇΓöÇΓöÇΓöÇΓöÇΓöÇΓöÇΓöÇΓöÇΓöÇΓöÇΓöÇΓöÇΓöÇΓöÇΓöÇΓöÇΓöÇΓöÇΓöÇΓöÇΓöÇΓöÇΓöÇΓöÇΓöÇΓöÇΓöÇΓöÇΓöÇΓöÇΓöÇΓöÇΓöÇΓöÇΓöÇΓöÇΓöÇΓöÇΓöÇΓöÇΓöÇΓöÇΓöÇΓöÇΓöÇ  
   FAILED  Tests\Feature\RekamMedisTest > pasien tidak bisa hapus rekam medis                                           
  Expected response status code [403] but received 401.
Failed asserting that 401 is identical to 403.

  at tests\Feature\RekamMedisTest.php:259
    255Γûò             'resep_obat'      => 'Resep Test',
    256Γûò         ]);
    257Γûò 
    258Γûò         $this->withToken($pasienTok)->deleteJson("/api/rekam-medis/{$rm->id}")
  Γ₧£ 259Γûò             ->assertStatus(403);
    260Γûò     }
    261Γûò }
    262Γûò


  Tests:    3 failed, 38 passed (105 assertions)
  Duration: 3.54s

